error
 b1c3 e7e5 c3d5
['-e8e7'][]

error
 b1c3 e7e6 c3d5
['-e8e7'][]

error
 b2b3 e7e5 c1a3
['-e8e7'][]

error
 b2b3 e7e6 c1a3
['-e8e7'][]

error
 c2c3 a7a5 d1a4
['-d7d6', '-d7d5'][]

error
 c2c3 a7a6 d1a4
['-d7d6', '-d7d5'][]

error
 c2c3 b7b6 d1a4
['-d7d6', '-d7d5'][]

error
 c2c3 b8a6 d1a4
['-d7d6', '-d7d5'][]

error
 c2c3 c7c5 d1a4
['-d7d6', '-d7d5'][]

error
 c2c3 d7d5 d1a4
['-b8a6', '-c8e6', '-c8f5', '-c8g4', '-c8h3', '-d8d6', '-e8d7', '-g8f6', '-g8h6', '-a7a6', '-a7a5', '-b7b6', '-c7c5', '-e7e6', '-e7e5', '-f7f6', '-f7f5', '-g7g6', '-g7g5', '-h7h6', '-h7h5', '-d5d4'][]

error
 c2c3 d7d6 d1a4
['-b8a6', '-c8e6', '-c8f5', '-c8g4', '-c8h3', '-e8d7', '-g8f6', '-g8h6', '-a7a6', '-a7a5', '-b7b6', '-c7c5', '-e7e6', '-e7e5', '-f7f6', '-f7f5', '-g7g6', '-g7g5', '-h7h6', '-h7h5', '-d6d5'][]

error
 c2c3 e7e5 d1a4
['-d7d6', '-d7d5'][]

error
 c2c3 e7e6 d1a4
['-d7d6', '-d7d5'][]

error
 c2c3 f7f5 d1a4
['-d7d6', '-d7d5'][]

error
 c2c3 f7f5 d1b3
['-e8f7'][]

error
 c2c3 f7f6 d1a4
['-d7d6', '-d7d5'][]

error
 c2c3 f7f6 d1b3
['-e8f7'][]

error
 c2c3 g7g5 d1a4
['-d7d6', '-d7d5'][]

error
 c2c3 g7g6 d1a4
['-d7d6', '-d7d5'][]

error
 c2c3 g8f6 d1a4
['-d7d6', '-d7d5'][]

error
 c2c3 g8h6 d1a4
['-d7d6', '-d7d5'][]

error
 c2c3 h7h5 d1a4
['-d7d6', '-d7d5'][]

error
 c2c3 h7h6 d1a4
['-d7d6', '-d7d5'][]

error
 c2c4 a7a5 d1a4
['-d7d6', '-d7d5'][]

error
 c2c4 a7a6 d1a4
['-d7d6', '-d7d5'][]

error
 c2c4 b7b6 d1a4
['-d7d6', '-d7d5'][]

error
 c2c4 b8a6 d1a4
['-d7d6', '-d7d5'][]

error
 c2c4 c7c5 d1a4
['-d7d6', '-d7d5'][]

error
 c2c4 d7d5 d1a4
['-b8a6', '-c8e6', '-c8f5', '-c8g4', '-c8h3', '-d8d6', '-e8d7', '-g8f6', '-g8h6', '-a7a6', '-a7a5', '-b7b6', '-c7c5', '-e7e6', '-e7e5', '-f7f6', '-f7f5', '-g7g6', '-g7g5', '-h7h6', '-h7h5', '-d5c4', '-d5d4'][]

error
 c2c4 d7d6 d1a4
['-b8a6', '-c8e6', '-c8f5', '-c8g4', '-c8h3', '-e8d7', '-g8f6', '-g8h6', '-a7a6', '-a7a5', '-b7b6', '-c7c5', '-e7e6', '-e7e5', '-f7f6', '-f7f5', '-g7g6', '-g7g5', '-h7h6', '-h7h5', '-d6d5'][]

error
 c2c4 e7e5 d1a4
['-d7d6', '-d7d5'][]

error
 c2c4 e7e6 d1a4
['-d7d6', '-d7d5'][]

error
 c2c4 f7f5 d1a4
['-d7d6', '-d7d5'][]

error
 c2c4 f7f6 d1a4
['-d7d6', '-d7d5'][]

error
 c2c4 g7g5 d1a4
['-d7d6', '-d7d5'][]

error
 c2c4 g7g6 d1a4
['-d7d6', '-d7d5'][]

error
 c2c4 g8f6 d1a4
['-d7d6', '-d7d5'][]

error
 c2c4 g8h6 d1a4
['-d7d6', '-d7d5'][]

error
 c2c4 h7h5 d1a4
['-d7d6', '-d7d5'][]

error
 c2c4 h7h6 d1a4
['-d7d6', '-d7d5'][]

error
 d2d3 e7e5 c1g5
['-e8e7'][]

error
 d2d3 e7e6 c1g5
['-e8e7'][]

error
 d2d4 e7e5 c1g5
['-e8e7'][]

error
 d2d4 e7e6 c1g5
['-e8e7'][]

error
 e2e3 a7a5 d1h5
['-f7f6', '-f7f5'][]

error
 e2e3 a7a5 f1b5
['-d7d6', '-d7d5'][]

error
 e2e3 a7a6 d1h5
['-f7f6', '-f7f5'][]

error
 e2e3 a7a6 f1b5
['-d7d6', '-d7d5'][]

error
 e2e3 b7b5 d1h5
['-f7f6', '-f7f5'][]

error
 e2e3 b7b5 f1b5
['-d7d6', '-d7d5'][]

error
 e2e3 b7b6 d1h5
['-f7f6', '-f7f5'][]

error
 e2e3 b7b6 f1b5
['-d7d6', '-d7d5'][]

error
 e2e3 b8a6 d1h5
['-f7f6', '-f7f5'][]

error
 e2e3 b8a6 f1b5
['-d7d6', '-d7d5'][]

error
 e2e3 b8c6 d1h5
['-f7f6', '-f7f5'][]

error
 e2e3 c7c5 d1h5
['-f7f6', '-f7f5'][]

error
 e2e3 c7c5 f1b5
['-d7d6', '-d7d5'][]

error
 e2e3 c7c6 d1h5
['-f7f6', '-f7f5'][]

error
 e2e3 d7d5 d1g4
['-e8d7'][]

error
 e2e3 d7d5 d1h5
['-f7f6', '-f7f5'][]

error
 e2e3 d7d5 f1b5
['-b8a6', '-c8e6', '-c8f5', '-c8g4', '-c8h3', '-d8d6', '-e8d7', '-g8f6', '-g8h6', '-a7a6', '-a7a5', '-b7b6', '-c7c5', '-e7e6', '-e7e5', '-f7f6', '-f7f5', '-g7g6', '-g7g5', '-h7h6', '-h7h5', '-d5d4'][]

error
 e2e3 d7d6 d1g4
['-e8d7'][]

error
 e2e3 d7d6 d1h5
['-f7f6', '-f7f5'][]

error
 e2e3 d7d6 f1b5
['-b8a6', '-c8e6', '-c8f5', '-c8g4', '-c8h3', '-e8d7', '-g8f6', '-g8h6', '-a7a6', '-a7a5', '-b7b6', '-c7c5', '-e7e6', '-e7e5', '-f7f6', '-f7f5', '-g7g6', '-g7g5', '-h7h6', '-h7h5', '-d6d5'][]

error
 e2e3 e7e5 d1h5
['-f7f6', '-f7f5'][]

error
 e2e3 e7e5 f1b5
['-d7d6', '-d7d5'][]

error
 e2e3 e7e6 d1h5
['-f7f6', '-f7f5'][]

error
 e2e3 e7e6 f1b5
['-d7d6', '-d7d5'][]

error
 e2e3 f7f5 d1h5
['-b8a6', '-b8c6', '-e8f7', '-g8f6', '-g8h6', '-a7a6', '-a7a5', '-b7b6', '-b7b5', '-c7c6', '-c7c5', '-d7d6', '-d7d5', '-e7e6', '-e7e5', '-g7g5', '-h7h6', '-f5f4'][]

error
 e2e3 f7f5 f1b5
['-d7d6', '-d7d5'][]

error
 e2e3 f7f5 f1c4
['-e8f7'][]

error
 e2e3 f7f6 d1h5
['-b8a6', '-b8c6', '-e8f7', '-g8h6', '-a7a6', '-a7a5', '-b7b6', '-b7b5', '-c7c6', '-c7c5', '-d7d6', '-d7d5', '-e7e6', '-e7e5', '-g7g5', '-h7h6', '-f6f5'][]

error
 e2e3 f7f6 f1b5
['-d7d6', '-d7d5'][]

error
 e2e3 f7f6 f1c4
['-e8f7'][]

error
 e2e3 g7g5 d1h5
['-f7f6', '-f7f5'][]

error
 e2e3 g7g5 f1b5
['-d7d6', '-d7d5'][]

error
 e2e3 g7g6 f1b5
['-d7d6', '-d7d5'][]

error
 e2e3 g8f6 f1b5
['-d7d6', '-d7d5'][]

error
 e2e3 g8h6 d1h5
['-f7f6', '-f7f5'][]

error
 e2e3 g8h6 f1b5
['-d7d6', '-d7d5'][]

error
 e2e3 h7h5 d1h5
['-f7f6', '-f7f5'][]

error
 e2e3 h7h5 f1b5
['-d7d6', '-d7d5'][]

error
 e2e3 h7h6 d1h5
['-f7f6', '-f7f5'][]

error
 e2e3 h7h6 f1b5
['-d7d6', '-d7d5'][]

error
 e2e4 a7a5 d1h5
['-f7f6', '-f7f5'][]

error
 e2e4 a7a5 f1b5
['-d7d6', '-d7d5'][]

error
 e2e4 a7a6 d1h5
['-f7f6', '-f7f5'][]

error
 e2e4 a7a6 f1b5
['-d7d6', '-d7d5'][]

error
 e2e4 b7b5 d1h5
['-f7f6', '-f7f5'][]

error
 e2e4 b7b5 f1b5
['-d7d6', '-d7d5'][]

error
 e2e4 b7b6 d1h5
['-f7f6', '-f7f5'][]

error
 e2e4 b7b6 f1b5
['-d7d6', '-d7d5'][]

error
 e2e4 b8a6 d1h5
['-f7f6', '-f7f5'][]

error
 e2e4 b8a6 f1b5
['-d7d6', '-d7d5'][]

error
 e2e4 b8c6 d1h5
['-f7f6', '-f7f5'][]

error
 e2e4 c7c5 d1h5
['-f7f6', '-f7f5'][]

error
 e2e4 c7c5 f1b5
['-d7d6', '-d7d5'][]

error
 e2e4 c7c6 d1h5
['-f7f6', '-f7f5'][]

error
 e2e4 d7d5 d1g4
['-e8d7'][]

error
 e2e4 d7d5 d1h5
['-f7f6', '-f7f5'][]

error
 e2e4 d7d5 f1b5
['-b8a6', '-c8e6', '-c8f5', '-c8g4', '-c8h3', '-d8d6', '-e8d7', '-g8f6', '-g8h6', '-a7a6', '-a7a5', '-b7b6', '-c7c5', '-e7e6', '-e7e5', '-f7f6', '-f7f5', '-g7g6', '-g7g5', '-h7h6', '-h7h5', '-d5d4', '-d5e4'][]

error
 e2e4 d7d6 d1g4
['-e8d7'][]

error
 e2e4 d7d6 d1h5
['-f7f6', '-f7f5'][]

error
 e2e4 d7d6 f1b5
['-b8a6', '-c8e6', '-c8f5', '-c8g4', '-c8h3', '-e8d7', '-g8f6', '-g8h6', '-a7a6', '-a7a5', '-b7b6', '-c7c5', '-e7e6', '-e7e5', '-f7f6', '-f7f5', '-g7g6', '-g7g5', '-h7h6', '-h7h5', '-d6d5'][]

error
 e2e4 e7e5 d1h5
['-f7f6', '-f7f5'][]

error
 e2e4 e7e5 f1b5
['-d7d6', '-d7d5'][]

error
 e2e4 e7e6 d1h5
['-f7f6', '-f7f5'][]

error
 e2e4 e7e6 f1b5
['-d7d6', '-d7d5'][]

error
 e2e4 f7f5 d1h5
['-b8a6', '-b8c6', '-e8f7', '-g8f6', '-g8h6', '-a7a6', '-a7a5', '-b7b6', '-b7b5', '-c7c6', '-c7c5', '-d7d6', '-d7d5', '-e7e6', '-e7e5', '-g7g5', '-h7h6', '-f5e4', '-f5f4'][]

error
 e2e4 f7f5 f1b5
['-d7d6', '-d7d5'][]

error
 e2e4 f7f5 f1c4
['-e8f7'][]

error
 e2e4 f7f6 d1h5
['-b8a6', '-b8c6', '-e8f7', '-g8h6', '-a7a6', '-a7a5', '-b7b6', '-b7b5', '-c7c6', '-c7c5', '-d7d6', '-d7d5', '-e7e6', '-e7e5', '-g7g5', '-h7h6', '-f6f5'][]

error
 e2e4 f7f6 f1b5
['-d7d6', '-d7d5'][]

error
 e2e4 f7f6 f1c4
['-e8f7'][]

error
 e2e4 g7g5 d1h5
['-f7f6', '-f7f5'][]

error
 e2e4 g7g5 f1b5
['-d7d6', '-d7d5'][]

error
 e2e4 g7g6 f1b5
['-d7d6', '-d7d5'][]

error
 e2e4 g8f6 f1b5
['-d7d6', '-d7d5'][]

error
 e2e4 g8h6 d1h5
['-f7f6', '-f7f5'][]

error
 e2e4 g8h6 f1b5
['-d7d6', '-d7d5'][]

error
 e2e4 h7h5 d1h5
['-f7f6', '-f7f5'][]

error
 e2e4 h7h5 f1b5
['-d7d6', '-d7d5'][]

error
 e2e4 h7h6 d1h5
['-f7f6', '-f7f5'][]

error
 e2e4 h7h6 f1b5
['-d7d6', '-d7d5'][]

error
 f2f3 e7e5 g2g4
['-d8h4']['+d8h4#']

error
 f2f3 e7e6 g2g4
['-d8h4']['+d8h4#']

error
 f2f4 e7e5 g2g4
['-d8h4']['+d8h4#']

error
 f2f4 e7e6 g2g4
['-d8h4']['+d8h4#']

error
 g1f3 d7d5 f3e5
['-e8d7'][]

error
 g1f3 d7d6 f3e5
['-e8d7'][]

error
 g1f3 f7f5 f3e5
['-e8f7'][]

error
 g1f3 f7f5 f3g5
['-e8f7'][]

error
 g1f3 f7f6 f3e5
['-e8f7'][]

error
 g1f3 f7f6 f3g5
['-e8f7'][]

error
 g1h3 f7f5 h3g5
['-e8f7'][]

error
 g1h3 f7f6 h3g5
['-e8f7'][]

error
 g2g3 d7d5 f1h3
['-e8d7'][]

error
 g2g3 d7d6 f1h3
['-e8d7'][]

error
 g2g4 e7e5 f2f3
['-d8h4']['+d8h4#']

error
 g2g4 e7e5 f2f4
['-d8h4']['+d8h4#']

error
 g2g4 e7e6 f2f3
['-d8h4']['+d8h4#']

error
 g2g4 e7e6 f2f4
['-d8h4']['+d8h4#']
